{"scenarios_used": 199, "scenarios_skipped": 1, "n_samples": 995}
{"n_samples": 995}
{"epoch": 0, "loss": 3.133523694354685, "top1_acc": 0.4019095477386935}
{"epoch": 1, "loss": 2.7558957704946625, "top1_acc": 0.4836180904522613}
{"epoch": 2, "loss": 2.334253162307356, "top1_acc": 0.5273366834170854}
{"epoch": 3, "loss": 1.9505429743402567, "top1_acc": 0.6041206030150754}
{"epoch": 4, "loss": 1.6872507535273107, "top1_acc": 0.6126633165829146}
{"epoch": 5, "loss": 1.4848220388493945, "top1_acc": 0.6361809045226131}
{"epoch": 6, "loss": 1.3313423043519408, "top1_acc": 0.6562814070351759}
{"epoch": 7, "loss": 1.2150211078198112, "top1_acc": 0.6724623115577889}
{"epoch": 8, "loss": 1.120092069060359, "top1_acc": 0.6892462311557789}
{"epoch": 9, "loss": 1.0432053847708296, "top1_acc": 0.7030150753768845}
{"epoch": 10, "loss": 0.9804311949883274, "top1_acc": 0.7116582914572864}
{"epoch": 11, "loss": 0.9297640147939998, "top1_acc": 0.7166834170854272}
{"epoch": 12, "loss": 0.8872557834404797, "top1_acc": 0.7236180904522613}
{"epoch": 13, "loss": 0.8522714979025586, "top1_acc": 0.7286432160804021}
{"epoch": 14, "loss": 0.8246743892065844, "top1_acc": 0.7294472361809046}
{"epoch": 15, "loss": 0.7993478048806214, "top1_acc": 0.7359798994974874}
{"epoch": 16, "loss": 0.779192601370452, "top1_acc": 0.7360804020100502}
{"epoch": 17, "loss": 0.7644811515832067, "top1_acc": 0.7369849246231156}
{"epoch": 18, "loss": 0.7541312025240319, "top1_acc": 0.7363819095477387}
{"epoch": 19, "loss": 0.7496024493895583, "top1_acc": 0.7330653266331658}
{"checkpoint": "PROPOSED_METHOD\\results\\distilled_student_longft.pt", "n_params": 202162, "n_samples": 995}
DONE_DISTILL_LONGFT
