{"scenarios_used": 199, "scenarios_skipped": 1, "n_samples": 995}
{"n_samples": 995}
{"epoch": 0, "loss": 3.133523660472889, "top1_acc": 0.4019095477386935}
{"epoch": 1, "loss": 2.755895769536196, "top1_acc": 0.4836180904522613}
{"epoch": 2, "loss": 2.3342531193440883, "top1_acc": 0.5273366834170854}
{"epoch": 3, "loss": 1.9505429602268354, "top1_acc": 0.6041206030150754}
{"epoch": 4, "loss": 1.6872507981918565, "top1_acc": 0.6126633165829146}
{"epoch": 5, "loss": 1.48482210579829, "top1_acc": 0.6361809045226131}
{"epoch": 6, "loss": 1.3313423980779984, "top1_acc": 0.6562814070351759}
{"epoch": 7, "loss": 1.2150213318374288, "top1_acc": 0.6724623115577889}
{"epoch": 8, "loss": 1.1200924494637916, "top1_acc": 0.6892462311557789}
{"epoch": 9, "loss": 1.0432060179398885, "top1_acc": 0.7030150753768845}
{"epoch": 10, "loss": 0.9804318938183425, "top1_acc": 0.7116582914572864}
{"epoch": 11, "loss": 0.9297643724218685, "top1_acc": 0.7166834170854272}
{"epoch": 12, "loss": 0.8872565571147593, "top1_acc": 0.7236180904522613}
{"epoch": 13, "loss": 0.852272383124385, "top1_acc": 0.7286432160804021}
{"epoch": 14, "loss": 0.824676398440222, "top1_acc": 0.7294472361809046}
{"epoch": 15, "loss": 0.7993490527083527, "top1_acc": 0.7359798994974874}
{"epoch": 16, "loss": 0.7791933709712484, "top1_acc": 0.7360804020100502}
{"epoch": 17, "loss": 0.7644816887498501, "top1_acc": 0.7369849246231156}
{"epoch": 18, "loss": 0.7541308380191649, "top1_acc": 0.7363819095477387}
{"epoch": 19, "loss": 0.7496022040460577, "top1_acc": 0.7330653266331658}
{"checkpoint": "PROPOSED_METHOD\\results\\distilled_student_fixed.pt", "n_params": 202162, "n_samples": 995}
DONE_DISTILL_FIXED
