{"scenarios_used": 199, "scenarios_skipped": 1, "n_samples": 995}
{"n_samples": 995}
{"epoch": 0, "loss": 3.133523694354685, "top1_acc": 0.4019095477386935}
{"epoch": 1, "loss": 2.755895784799777, "top1_acc": 0.4836180904522613}
{"epoch": 2, "loss": 2.3342531712929806, "top1_acc": 0.5273366834170854}
{"epoch": 3, "loss": 1.9505429828346674, "top1_acc": 0.6041206030150754}
{"epoch": 4, "loss": 1.6872508529802064, "top1_acc": 0.6126633165829146}
{"epoch": 5, "loss": 1.4848221345043662, "top1_acc": 0.6361809045226131}
{"epoch": 6, "loss": 1.3313423995037175, "top1_acc": 0.6562814070351759}
{"epoch": 7, "loss": 1.2150213814620396, "top1_acc": 0.6724623115577889}
{"epoch": 8, "loss": 1.1200921772952055, "top1_acc": 0.6892462311557789}
{"epoch": 9, "loss": 1.0432058180576593, "top1_acc": 0.7030150753768845}
{"epoch": 10, "loss": 0.9804319521530189, "top1_acc": 0.7116582914572864}
{"epoch": 11, "loss": 0.9297637148238905, "top1_acc": 0.7166834170854272}
{"epoch": 12, "loss": 0.8872559109464961, "top1_acc": 0.7236180904522613}
{"epoch": 13, "loss": 0.8522714619660497, "top1_acc": 0.7286432160804021}
{"epoch": 14, "loss": 0.824675192994688, "top1_acc": 0.7294472361809046}
{"epoch": 15, "loss": 0.7993476222987151, "top1_acc": 0.7359798994974874}
{"epoch": 16, "loss": 0.7791918926382784, "top1_acc": 0.7360804020100502}
{"epoch": 17, "loss": 0.7644807827592495, "top1_acc": 0.7369849246231156}
{"epoch": 18, "loss": 0.7541303138217734, "top1_acc": 0.7363819095477387}
{"epoch": 19, "loss": 0.7496022471171527, "top1_acc": 0.7330653266331658}
{"checkpoint": "PROPOSED_METHOD\\results\\distilled_student.pt", "n_params": 202162, "n_samples": 995}
DONE_DISTILL
