{"progress": "heuristics+cpsat", "scenario": "real_5000"}
{"progress": "heuristics+cpsat", "scenario": "real_5001"}
{"progress": "heuristics+cpsat", "scenario": "real_5002"}
{"progress": "heuristics+cpsat", "scenario": "real_5003"}
{"progress": "heuristics+cpsat", "scenario": "real_5004"}
{"progress": "heuristics+cpsat", "scenario": "real_5005"}
{"progress": "heuristics+cpsat", "scenario": "real_5006"}
{"progress": "heuristics+cpsat", "scenario": "real_5007"}
{"progress": "heuristics+cpsat", "scenario": "real_5008"}
{"progress": "heuristics+cpsat", "scenario": "real_5009"}
{"progress": "heuristics+cpsat", "scenario": "real_5010"}
{"progress": "heuristics+cpsat", "scenario": "real_5011"}
{"progress": "heuristics+cpsat", "scenario": "real_5012"}
{"progress": "heuristics+cpsat", "scenario": "real_5013"}
{"progress": "heuristics+cpsat", "scenario": "real_5014"}
{"progress": "heuristics+cpsat", "scenario": "real_5015"}
{"progress": "heuristics+cpsat", "scenario": "real_5016"}
{"progress": "heuristics+cpsat", "scenario": "real_5017"}
{"progress": "heuristics+cpsat", "scenario": "real_5018"}
{"progress": "heuristics+cpsat", "scenario": "real_5019"}
{"progress": "heuristics+cpsat", "scenario": "real_5020"}
{"progress": "heuristics+cpsat", "scenario": "real_5021"}
{"progress": "heuristics+cpsat", "scenario": "real_5022"}
{"progress": "heuristics+cpsat", "scenario": "real_5023"}
{"progress": "heuristics+cpsat", "scenario": "real_5024"}
{"progress": "heuristics+cpsat", "scenario": "real_5025"}
{"progress": "heuristics+cpsat", "scenario": "real_5026"}
{"progress": "heuristics+cpsat", "scenario": "real_5027"}
{"progress": "heuristics+cpsat", "scenario": "real_5028"}
{"progress": "heuristics+cpsat", "scenario": "real_5029"}
{"progress": "heuristics+cpsat", "scenario": "real_5030"}
{"progress": "heuristics+cpsat", "scenario": "real_5031"}
{"progress": "heuristics+cpsat", "scenario": "real_5032"}
{"progress": "heuristics+cpsat", "scenario": "real_5033"}
{"progress": "heuristics+cpsat", "scenario": "real_5034"}
{"progress": "heuristics+cpsat", "scenario": "real_5035"}
{"progress": "heuristics+cpsat", "scenario": "real_5036"}
{"progress": "heuristics+cpsat", "scenario": "real_5037"}
{"progress": "heuristics+cpsat", "scenario": "real_5038"}
{"progress": "heuristics+cpsat", "scenario": "real_5039"}
{"progress": "heuristics+cpsat", "scenario": "real_5040"}
{"progress": "heuristics+cpsat", "scenario": "real_5041"}
{"progress": "heuristics+cpsat", "scenario": "real_5042"}
{"progress": "heuristics+cpsat", "scenario": "real_5043"}
{"progress": "heuristics+cpsat", "scenario": "real_5044"}
{"progress": "heuristics+cpsat", "scenario": "real_5045"}
{"progress": "heuristics+cpsat", "scenario": "real_5046"}
{"progress": "heuristics+cpsat", "scenario": "real_5047"}
{"progress": "heuristics+cpsat", "scenario": "real_5048"}
{"progress": "heuristics+cpsat", "scenario": "real_5049"}
{"progress": "done", "algo": "a2c"}
{"progress": "done", "algo": "mlp_ppo"}
{"progress": "done", "algo": "dqn"}
{"progress": "done", "family": "dfps"}
{"progress": "done", "family": "tags"}
{"progress": "done", "family": "hcbs_ppo"}
{"out": "REALDATA\\results\\real_calibrated_results.csv", "rows": 1350}
DONE_EVALUATE_REAL
